Microsoft (R) Macro Assembler Version 5.10                  11/13/22 20:26:1
                                                             Page     1-1


 =-0003				a EQU -3
 = 0002				b EQU 2
 = 0002				i EQU 2
 = 0001				k EQU 1
 0000				AStack SEGMENT STACK
 0000  000C[				DW 12 DUP(?)
	   ????
			 ]

 0018				AStack ENDS

 0000				DATA SEGMENT

 0000  0000				res DW 0
 0002				DATA ENDS

 0000				CODE SEGMENT
					ASSUME CS:CODE, DS:DATA, SS:AStack

 0000				Main PROC FAR
 0000  1E				push ds
 0001  2B C0				sub ax, ax
 0003  50				push ax

 0004  B8 0002				mov ax, i
 0007  D1 E0				shl ax, 1
 0009  D1 E0				shl ax, 1
 000B  8B D8				mov bx, ax

 000D  B9 FFFD				mov cx, a
 0010  83 F9 02				cmp cx, b
 0013  7E 0D				jle fless

 0015  F7 D8				neg ax
 0017  05 0007				add ax, 7
 001A  50				push ax ;i1

 001B  05 FFFE				add ax, -2
 001E  50				push ax ;i2
 001F  EB 16 90				jmp f3
 0022				fless:
 0022  05 0002				add ax, i
 0025  05 0002				add ax, i
 0028  F7 D8				neg ax
 002A  05 0008				add ax, 8
 002D  50				push ax

 002E  05 FFF8				add ax, -8
 0031  D1 F8				sar ax, 1
 0033  05 000A				add ax, 10
 0036  50				push ax

 0037				f3:
 0037  5A				pop dx ;i2
Microsoft (R) Macro Assembler Version 5.10                  11/13/22 20:26:1
                                                             Page     1-2


 0038  59				pop cx ;i1
 0039  83 F9 00				cmp cx, 0
 003C  79 02				jns i1abs ;|i2| = |i2|
 003E  F7 D9				neg cx
 0040				i1abs:
 0040  B8 0001				mov ax, k
 0043  3D 0000				cmp ax, 0
 0046  75 0B				jne f3v2
 0048  83 F9 06				cmp cx, 6
 004B  7C 0F				jl finish
 004D  B9 0006				mov cx, 6
 0050  EB 0A 90				jmp finish

 0053				f3v2:
 0053  83 FA 00				cmp dx, 0
 0056  79 02				jns i2abs ; |i1| = |i1|
 0058  F7 DA				neg dx
 005A				i2abs:
 005A  03 CA				add cx, dx

 005C				finish:
 005C  51				push cx
 005D  59				pop cx
 005E  CB				ret
 005F				Main ENDP
 005F				CODE ENDS
					END Main
Microsoft (R) Macro Assembler Version 5.10                  11/13/22 20:26:1
                                                             Symbols-1


Segments and Groups:

                N a m e         	Length	 Align	Combine Class

ASTACK . . . . . . . . . . . . .  	0018	PARA	STACK
CODE . . . . . . . . . . . . . .  	005F	PARA	NONE
DATA . . . . . . . . . . . . . .  	0002	PARA	NONE

Symbols:

                N a m e         	Type	 Value	 Attr

A  . . . . . . . . . . . . . . .  	NUMBER	-0003

B  . . . . . . . . . . . . . . .  	NUMBER	0002

F3 . . . . . . . . . . . . . . .  	L NEAR	0037	CODE
F3V2 . . . . . . . . . . . . . .  	L NEAR	0053	CODE
FINISH . . . . . . . . . . . . .  	L NEAR	005C	CODE
FLESS  . . . . . . . . . . . . .  	L NEAR	0022	CODE

I  . . . . . . . . . . . . . . .  	NUMBER	0002
I1ABS  . . . . . . . . . . . . .  	L NEAR	0040	CODE
I2ABS  . . . . . . . . . . . . .  	L NEAR	005A	CODE

K  . . . . . . . . . . . . . . .  	NUMBER	0001

MAIN . . . . . . . . . . . . . .  	F PROC	0000	CODE	Length = 005F

RES  . . . . . . . . . . . . . .  	L WORD	0000	DATA

@CPU . . . . . . . . . . . . . .  	TEXT  0101h
@FILENAME  . . . . . . . . . . .  	TEXT  LR3
@VERSION . . . . . . . . . . . .  	TEXT  510


     78 Source  Lines
     78 Total   Lines
     20 Symbols

  47978 + 461329 Bytes symbol space free

      0 Warning Errors
      0 Severe  Errors
